// Jest Snapshot v1, https://goo.gl/fbAQLP

exports[`Testing form field 1`] = `
<View>
  <Text
    style={
      Object {
        "fontSize": 16,
        "paddingTop": 10,
      }
    }
  >
     Password: 
  </Text>
  <TextInput
    autoCapitalize={false}
    onChangeText={[Function]}
    secureTextEntry={true}
    style={
      Object {
        "borderRadius": 10,
        "borderWidth": 1,
        "padding": 10,
      }
    }
  />
</View>
`;
